[
	{
		"BlockSize": 56,
		"BlockHeader": {
			"Version": 1,
			"PrevBlockHash": 0,
			"TransactionHash": 2923203469,
			"Timestamp": 1667669069,
			"Difficulty": 4026531840,
			"Nonce": 2
		},
		"TransactionData": 42
	},
	{
		"BlockSize": 56,
		"BlockHeader": {
			"Version": 1,
			"PrevBlockHash": 123541474,
			"TransactionHash": 2157116929,
			"Timestamp": 1667669101,
			"Difficulty": 4026531840,
			"Nonce": 32
		},
		"TransactionData": 13
	},
	{
		"BlockSize": 56,
		"BlockHeader": {
			"Version": 1,
			"PrevBlockHash": 260670525,
			"TransactionHash": 1491879214,
			"Timestamp": 1667669117,
			"Difficulty": 4026531840,
			"Nonce": 25
		},
		"TransactionData": 23
	},
	{
		"BlockSize": 56,
		"BlockHeader": {
			"Version": 1,
			"PrevBlockHash": 220252520,
			"TransactionHash": 2894299320,
			"Timestamp": 1667669137,
			"Difficulty": 4026531840,
			"Nonce": 14
		},
		"TransactionData": 123
	},
	{
		"BlockSize": 56,
		"BlockHeader": {
			"Version": 1,
			"PrevBlockHash": 165988000,
			"TransactionHash": 769934881,
			"Timestamp": 1667669138,
			"Difficulty": 4026531840,
			"Nonce": 67
		},
		"TransactionData": 32
	}
]